19:56:06 **** Build of configuration Debug for project nucleoF207 ****
make -j12 all 
arm-none-eabi-gcc "../loop/loop.c" -mcpu=cortex-m3 -std=gnu11 -g3 -DDEBUG -DUSE_HAL_DRIVER -DSTM32F207xx -c -I../Core/Inc -ID:/050_STM32/Repository/STM32Cube_FW_F2_V1.9.3/Drivers/STM32F2xx_HAL_Driver/Inc -ID:/050_STM32/Repository/STM32Cube_FW_F2_V1.9.3/Drivers/STM32F2xx_HAL_Driver/Inc/Legacy -ID:/050_STM32/Repository/STM32Cube_FW_F2_V1.9.3/Drivers/CMSIS/Device/ST/STM32F2xx/Include -ID:/050_STM32/Repository/STM32Cube_FW_F2_V1.9.3/Drivers/CMSIS/Include -O0 -ffunction-sections -fdata-sections -Wall -fstack-usage -fcyclomatic-complexity -MMD -MP -MF"loop/loop.d" -MT"loop/loop.o" --specs=nano.specs -mfloat-abi=soft -mthumb -o "loop/loop.o"
arm-none-eabi-gcc "D:/050_STM32/Repository/STM32Cube_FW_F2_V1.9.3/Drivers/STM32F2xx_HAL_Driver/Src/stm32f2xx_hal.c" -mcpu=cortex-m3 -std=gnu11 -g3 -DDEBUG -DUSE_HAL_DRIVER -DSTM32F207xx -c -I../Core/Inc -ID:/050_STM32/Repository/STM32Cube_FW_F2_V1.9.3/Drivers/STM32F2xx_HAL_Driver/Inc -ID:/050_STM32/Repository/STM32Cube_FW_F2_V1.9.3/Drivers/STM32F2xx_HAL_Driver/Inc/Legacy -ID:/050_STM32/Repository/STM32Cube_FW_F2_V1.9.3/Drivers/CMSIS/Device/ST/STM32F2xx/Include -ID:/050_STM32/Repository/STM32Cube_FW_F2_V1.9.3/Drivers/CMSIS/Include -O0 -ffunction-sections -fdata-sections -Wall -fstack-usage -fcyclomatic-complexity -MMD -MP -MF"Drivers/STM32F2xx_HAL_Driver/stm32f2xx_hal.d" -MT"Drivers/STM32F2xx_HAL_Driver/stm32f2xx_hal.o" --specs=nano.specs -mfloat-abi=soft -mthumb -o "Drivers/STM32F2xx_HAL_Driver/stm32f2xx_hal.o"
arm-none-eabi-gcc "D:/050_STM32/Repository/STM32Cube_FW_F2_V1.9.3/Drivers/STM32F2xx_HAL_Driver/Src/stm32f2xx_hal_cortex.c" -mcpu=cortex-m3 -std=gnu11 -g3 -DDEBUG -DUSE_HAL_DRIVER -DSTM32F207xx -c -I../Core/Inc -ID:/050_STM32/Repository/STM32Cube_FW_F2_V1.9.3/Drivers/STM32F2xx_HAL_Driver/Inc -ID:/050_STM32/Repository/STM32Cube_FW_F2_V1.9.3/Drivers/STM32F2xx_HAL_Driver/Inc/Legacy -ID:/050_STM32/Repository/STM32Cube_FW_F2_V1.9.3/Drivers/CMSIS/Device/ST/STM32F2xx/Include -ID:/050_STM32/Repository/STM32Cube_FW_F2_V1.9.3/Drivers/CMSIS/Include -O0 -ffunction-sections -fdata-sections -Wall -fstack-usage -fcyclomatic-complexity -MMD -MP -MF"Drivers/STM32F2xx_HAL_Driver/stm32f2xx_hal_cortex.d" -MT"Drivers/STM32F2xx_HAL_Driver/stm32f2xx_hal_cortex.o" --specs=nano.specs -mfloat-abi=soft -mthumb -o "Drivers/STM32F2xx_HAL_Driver/stm32f2xx_hal_cortex.o"
arm-none-eabi-gcc "D:/050_STM32/Repository/STM32Cube_FW_F2_V1.9.3/Drivers/STM32F2xx_HAL_Driver/Src/stm32f2xx_hal_dma.c" -mcpu=cortex-m3 -std=gnu11 -g3 -DDEBUG -DUSE_HAL_DRIVER -DSTM32F207xx -c -I../Core/Inc -ID:/050_STM32/Repository/STM32Cube_FW_F2_V1.9.3/Drivers/STM32F2xx_HAL_Driver/Inc -ID:/050_STM32/Repository/STM32Cube_FW_F2_V1.9.3/Drivers/STM32F2xx_HAL_Driver/Inc/Legacy -ID:/050_STM32/Repository/STM32Cube_FW_F2_V1.9.3/Drivers/CMSIS/Device/ST/STM32F2xx/Include -ID:/050_STM32/Repository/STM32Cube_FW_F2_V1.9.3/Drivers/CMSIS/Include -O0 -ffunction-sections -fdata-sections -Wall -fstack-usage -fcyclomatic-complexity -MMD -MP -MF"Drivers/STM32F2xx_HAL_Driver/stm32f2xx_hal_dma.d" -MT"Drivers/STM32F2xx_HAL_Driver/stm32f2xx_hal_dma.o" --specs=nano.specs -mfloat-abi=soft -mthumb -o "Drivers/STM32F2xx_HAL_Driver/stm32f2xx_hal_dma.o"
arm-none-eabi-gcc "D:/050_STM32/Repository/STM32Cube_FW_F2_V1.9.3/Drivers/STM32F2xx_HAL_Driver/Src/stm32f2xx_hal_dma_ex.c" -mcpu=cortex-m3 -std=gnu11 -g3 -DDEBUG -DUSE_HAL_DRIVER -DSTM32F207xx -c -I../Core/Inc -ID:/050_STM32/Repository/STM32Cube_FW_F2_V1.9.3/Drivers/STM32F2xx_HAL_Driver/Inc -ID:/050_STM32/Repository/STM32Cube_FW_F2_V1.9.3/Drivers/STM32F2xx_HAL_Driver/Inc/Legacy -ID:/050_STM32/Repository/STM32Cube_FW_F2_V1.9.3/Drivers/CMSIS/Device/ST/STM32F2xx/Include -ID:/050_STM32/Repository/STM32Cube_FW_F2_V1.9.3/Drivers/CMSIS/Include -O0 -ffunction-sections -fdata-sections -Wall -fstack-usage -fcyclomatic-complexity -MMD -MP -MF"Drivers/STM32F2xx_HAL_Driver/stm32f2xx_hal_dma_ex.d" -MT"Drivers/STM32F2xx_HAL_Driver/stm32f2xx_hal_dma_ex.o" --specs=nano.specs -mfloat-abi=soft -mthumb -o "Drivers/STM32F2xx_HAL_Driver/stm32f2xx_hal_dma_ex.o"
arm-none-eabi-gcc "D:/050_STM32/Repository/STM32Cube_FW_F2_V1.9.3/Drivers/STM32F2xx_HAL_Driver/Src/stm32f2xx_hal_exti.c" -mcpu=cortex-m3 -std=gnu11 -g3 -DDEBUG -DUSE_HAL_DRIVER -DSTM32F207xx -c -I../Core/Inc -ID:/050_STM32/Repository/STM32Cube_FW_F2_V1.9.3/Drivers/STM32F2xx_HAL_Driver/Inc -ID:/050_STM32/Repository/STM32Cube_FW_F2_V1.9.3/Drivers/STM32F2xx_HAL_Driver/Inc/Legacy -ID:/050_STM32/Repository/STM32Cube_FW_F2_V1.9.3/Drivers/CMSIS/Device/ST/STM32F2xx/Include -ID:/050_STM32/Repository/STM32Cube_FW_F2_V1.9.3/Drivers/CMSIS/Include -O0 -ffunction-sections -fdata-sections -Wall -fstack-usage -fcyclomatic-complexity -MMD -MP -MF"Drivers/STM32F2xx_HAL_Driver/stm32f2xx_hal_exti.d" -MT"Drivers/STM32F2xx_HAL_Driver/stm32f2xx_hal_exti.o" --specs=nano.specs -mfloat-abi=soft -mthumb -o "Drivers/STM32F2xx_HAL_Driver/stm32f2xx_hal_exti.o"
arm-none-eabi-gcc "D:/050_STM32/Repository/STM32Cube_FW_F2_V1.9.3/Drivers/STM32F2xx_HAL_Driver/Src/stm32f2xx_hal_flash.c" -mcpu=cortex-m3 -std=gnu11 -g3 -DDEBUG -DUSE_HAL_DRIVER -DSTM32F207xx -c -I../Core/Inc -ID:/050_STM32/Repository/STM32Cube_FW_F2_V1.9.3/Drivers/STM32F2xx_HAL_Driver/Inc -ID:/050_STM32/Repository/STM32Cube_FW_F2_V1.9.3/Drivers/STM32F2xx_HAL_Driver/Inc/Legacy -ID:/050_STM32/Repository/STM32Cube_FW_F2_V1.9.3/Drivers/CMSIS/Device/ST/STM32F2xx/Include -ID:/050_STM32/Repository/STM32Cube_FW_F2_V1.9.3/Drivers/CMSIS/Include -O0 -ffunction-sections -fdata-sections -Wall -fstack-usage -fcyclomatic-complexity -MMD -MP -MF"Drivers/STM32F2xx_HAL_Driver/stm32f2xx_hal_flash.d" -MT"Drivers/STM32F2xx_HAL_Driver/stm32f2xx_hal_flash.o" --specs=nano.specs -mfloat-abi=soft -mthumb -o "Drivers/STM32F2xx_HAL_Driver/stm32f2xx_hal_flash.o"
arm-none-eabi-gcc "D:/050_STM32/Repository/STM32Cube_FW_F2_V1.9.3/Drivers/STM32F2xx_HAL_Driver/Src/stm32f2xx_hal_flash_ex.c" -mcpu=cortex-m3 -std=gnu11 -g3 -DDEBUG -DUSE_HAL_DRIVER -DSTM32F207xx -c -I../Core/Inc -ID:/050_STM32/Repository/STM32Cube_FW_F2_V1.9.3/Drivers/STM32F2xx_HAL_Driver/Inc -ID:/050_STM32/Repository/STM32Cube_FW_F2_V1.9.3/Drivers/STM32F2xx_HAL_Driver/Inc/Legacy -ID:/050_STM32/Repository/STM32Cube_FW_F2_V1.9.3/Drivers/CMSIS/Device/ST/STM32F2xx/Include -ID:/050_STM32/Repository/STM32Cube_FW_F2_V1.9.3/Drivers/CMSIS/Include -O0 -ffunction-sections -fdata-sections -Wall -fstack-usage -fcyclomatic-complexity -MMD -MP -MF"Drivers/STM32F2xx_HAL_Driver/stm32f2xx_hal_flash_ex.d" -MT"Drivers/STM32F2xx_HAL_Driver/stm32f2xx_hal_flash_ex.o" --specs=nano.specs -mfloat-abi=soft -mthumb -o "Drivers/STM32F2xx_HAL_Driver/stm32f2xx_hal_flash_ex.o"
arm-none-eabi-gcc "D:/050_STM32/Repository/STM32Cube_FW_F2_V1.9.3/Drivers/STM32F2xx_HAL_Driver/Src/stm32f2xx_hal_gpio.c" -mcpu=cortex-m3 -std=gnu11 -g3 -DDEBUG -DUSE_HAL_DRIVER -DSTM32F207xx -c -I../Core/Inc -ID:/050_STM32/Repository/STM32Cube_FW_F2_V1.9.3/Drivers/STM32F2xx_HAL_Driver/Inc -ID:/050_STM32/Repository/STM32Cube_FW_F2_V1.9.3/Drivers/STM32F2xx_HAL_Driver/Inc/Legacy -ID:/050_STM32/Repository/STM32Cube_FW_F2_V1.9.3/Drivers/CMSIS/Device/ST/STM32F2xx/Include -ID:/050_STM32/Repository/STM32Cube_FW_F2_V1.9.3/Drivers/CMSIS/Include -O0 -ffunction-sections -fdata-sections -Wall -fstack-usage -fcyclomatic-complexity -MMD -MP -MF"Drivers/STM32F2xx_HAL_Driver/stm32f2xx_hal_gpio.d" -MT"Drivers/STM32F2xx_HAL_Driver/stm32f2xx_hal_gpio.o" --specs=nano.specs -mfloat-abi=soft -mthumb -o "Drivers/STM32F2xx_HAL_Driver/stm32f2xx_hal_gpio.o"
arm-none-eabi-gcc "D:/050_STM32/Repository/STM32Cube_FW_F2_V1.9.3/Drivers/STM32F2xx_HAL_Driver/Src/stm32f2xx_hal_pwr.c" -mcpu=cortex-m3 -std=gnu11 -g3 -DDEBUG -DUSE_HAL_DRIVER -DSTM32F207xx -c -I../Core/Inc -ID:/050_STM32/Repository/STM32Cube_FW_F2_V1.9.3/Drivers/STM32F2xx_HAL_Driver/Inc -ID:/050_STM32/Repository/STM32Cube_FW_F2_V1.9.3/Drivers/STM32F2xx_HAL_Driver/Inc/Legacy -ID:/050_STM32/Repository/STM32Cube_FW_F2_V1.9.3/Drivers/CMSIS/Device/ST/STM32F2xx/Include -ID:/050_STM32/Repository/STM32Cube_FW_F2_V1.9.3/Drivers/CMSIS/Include -O0 -ffunction-sections -fdata-sections -Wall -fstack-usage -fcyclomatic-complexity -MMD -MP -MF"Drivers/STM32F2xx_HAL_Driver/stm32f2xx_hal_pwr.d" -MT"Drivers/STM32F2xx_HAL_Driver/stm32f2xx_hal_pwr.o" --specs=nano.specs -mfloat-abi=soft -mthumb -o "Drivers/STM32F2xx_HAL_Driver/stm32f2xx_hal_pwr.o"
arm-none-eabi-gcc "D:/050_STM32/Repository/STM32Cube_FW_F2_V1.9.3/Drivers/STM32F2xx_HAL_Driver/Src/stm32f2xx_hal_pwr_ex.c" -mcpu=cortex-m3 -std=gnu11 -g3 -DDEBUG -DUSE_HAL_DRIVER -DSTM32F207xx -c -I../Core/Inc -ID:/050_STM32/Repository/STM32Cube_FW_F2_V1.9.3/Drivers/STM32F2xx_HAL_Driver/Inc -ID:/050_STM32/Repository/STM32Cube_FW_F2_V1.9.3/Drivers/STM32F2xx_HAL_Driver/Inc/Legacy -ID:/050_STM32/Repository/STM32Cube_FW_F2_V1.9.3/Drivers/CMSIS/Device/ST/STM32F2xx/Include -ID:/050_STM32/Repository/STM32Cube_FW_F2_V1.9.3/Drivers/CMSIS/Include -O0 -ffunction-sections -fdata-sections -Wall -fstack-usage -fcyclomatic-complexity -MMD -MP -MF"Drivers/STM32F2xx_HAL_Driver/stm32f2xx_hal_pwr_ex.d" -MT"Drivers/STM32F2xx_HAL_Driver/stm32f2xx_hal_pwr_ex.o" --specs=nano.specs -mfloat-abi=soft -mthumb -o "Drivers/STM32F2xx_HAL_Driver/stm32f2xx_hal_pwr_ex.o"
arm-none-eabi-gcc "D:/050_STM32/Repository/STM32Cube_FW_F2_V1.9.3/Drivers/STM32F2xx_HAL_Driver/Src/stm32f2xx_hal_rcc.c" -mcpu=cortex-m3 -std=gnu11 -g3 -DDEBUG -DUSE_HAL_DRIVER -DSTM32F207xx -c -I../Core/Inc -ID:/050_STM32/Repository/STM32Cube_FW_F2_V1.9.3/Drivers/STM32F2xx_HAL_Driver/Inc -ID:/050_STM32/Repository/STM32Cube_FW_F2_V1.9.3/Drivers/STM32F2xx_HAL_Driver/Inc/Legacy -ID:/050_STM32/Repository/STM32Cube_FW_F2_V1.9.3/Drivers/CMSIS/Device/ST/STM32F2xx/Include -ID:/050_STM32/Repository/STM32Cube_FW_F2_V1.9.3/Drivers/CMSIS/Include -O0 -ffunction-sections -fdata-sections -Wall -fstack-usage -fcyclomatic-complexity -MMD -MP -MF"Drivers/STM32F2xx_HAL_Driver/stm32f2xx_hal_rcc.d" -MT"Drivers/STM32F2xx_HAL_Driver/stm32f2xx_hal_rcc.o" --specs=nano.specs -mfloat-abi=soft -mthumb -o "Drivers/STM32F2xx_HAL_Driver/stm32f2xx_hal_rcc.o"
arm-none-eabi-gcc "D:/050_STM32/Repository/STM32Cube_FW_F2_V1.9.3/Drivers/STM32F2xx_HAL_Driver/Src/stm32f2xx_hal_rcc_ex.c" -mcpu=cortex-m3 -std=gnu11 -g3 -DDEBUG -DUSE_HAL_DRIVER -DSTM32F207xx -c -I../Core/Inc -ID:/050_STM32/Repository/STM32Cube_FW_F2_V1.9.3/Drivers/STM32F2xx_HAL_Driver/Inc -ID:/050_STM32/Repository/STM32Cube_FW_F2_V1.9.3/Drivers/STM32F2xx_HAL_Driver/Inc/Legacy -ID:/050_STM32/Repository/STM32Cube_FW_F2_V1.9.3/Drivers/CMSIS/Device/ST/STM32F2xx/Include -ID:/050_STM32/Repository/STM32Cube_FW_F2_V1.9.3/Drivers/CMSIS/Include -O0 -ffunction-sections -fdata-sections -Wall -fstack-usage -fcyclomatic-complexity -MMD -MP -MF"Drivers/STM32F2xx_HAL_Driver/stm32f2xx_hal_rcc_ex.d" -MT"Drivers/STM32F2xx_HAL_Driver/stm32f2xx_hal_rcc_ex.o" --specs=nano.specs -mfloat-abi=soft -mthumb -o "Drivers/STM32F2xx_HAL_Driver/stm32f2xx_hal_rcc_ex.o"
arm-none-eabi-gcc "D:/050_STM32/Repository/STM32Cube_FW_F2_V1.9.3/Drivers/STM32F2xx_HAL_Driver/Src/stm32f2xx_hal_tim.c" -mcpu=cortex-m3 -std=gnu11 -g3 -DDEBUG -DUSE_HAL_DRIVER -DSTM32F207xx -c -I../Core/Inc -ID:/050_STM32/Repository/STM32Cube_FW_F2_V1.9.3/Drivers/STM32F2xx_HAL_Driver/Inc -ID:/050_STM32/Repository/STM32Cube_FW_F2_V1.9.3/Drivers/STM32F2xx_HAL_Driver/Inc/Legacy -ID:/050_STM32/Repository/STM32Cube_FW_F2_V1.9.3/Drivers/CMSIS/Device/ST/STM32F2xx/Include -ID:/050_STM32/Repository/STM32Cube_FW_F2_V1.9.3/Drivers/CMSIS/Include -O0 -ffunction-sections -fdata-sections -Wall -fstack-usage -fcyclomatic-complexity -MMD -MP -MF"Drivers/STM32F2xx_HAL_Driver/stm32f2xx_hal_tim.d" -MT"Drivers/STM32F2xx_HAL_Driver/stm32f2xx_hal_tim.o" --specs=nano.specs -mfloat-abi=soft -mthumb -o "Drivers/STM32F2xx_HAL_Driver/stm32f2xx_hal_tim.o"
arm-none-eabi-gcc "D:/050_STM32/Repository/STM32Cube_FW_F2_V1.9.3/Drivers/STM32F2xx_HAL_Driver/Src/stm32f2xx_hal_tim_ex.c" -mcpu=cortex-m3 -std=gnu11 -g3 -DDEBUG -DUSE_HAL_DRIVER -DSTM32F207xx -c -I../Core/Inc -ID:/050_STM32/Repository/STM32Cube_FW_F2_V1.9.3/Drivers/STM32F2xx_HAL_Driver/Inc -ID:/050_STM32/Repository/STM32Cube_FW_F2_V1.9.3/Drivers/STM32F2xx_HAL_Driver/Inc/Legacy -ID:/050_STM32/Repository/STM32Cube_FW_F2_V1.9.3/Drivers/CMSIS/Device/ST/STM32F2xx/Include -ID:/050_STM32/Repository/STM32Cube_FW_F2_V1.9.3/Drivers/CMSIS/Include -O0 -ffunction-sections -fdata-sections -Wall -fstack-usage -fcyclomatic-complexity -MMD -MP -MF"Drivers/STM32F2xx_HAL_Driver/stm32f2xx_hal_tim_ex.d" -MT"Drivers/STM32F2xx_HAL_Driver/stm32f2xx_hal_tim_ex.o" --specs=nano.specs -mfloat-abi=soft -mthumb -o "Drivers/STM32F2xx_HAL_Driver/stm32f2xx_hal_tim_ex.o"
arm-none-eabi-gcc -mcpu=cortex-m3 -g3 -DDEBUG -c -x assembler-with-cpp -MMD -MP -MF"Core/Startup/startup_stm32f207zgtx.d" -MT"Core/Startup/startup_stm32f207zgtx.o" --specs=nano.specs -mfloat-abi=soft -mthumb -o "Core/Startup/startup_stm32f207zgtx.o" "../Core/Startup/startup_stm32f207zgtx.s"
arm-none-eabi-gcc "../Core/Src/gpio.c" -mcpu=cortex-m3 -std=gnu11 -g3 -DDEBUG -DUSE_HAL_DRIVER -DSTM32F207xx -c -I../Core/Inc -ID:/050_STM32/Repository/STM32Cube_FW_F2_V1.9.3/Drivers/STM32F2xx_HAL_Driver/Inc -ID:/050_STM32/Repository/STM32Cube_FW_F2_V1.9.3/Drivers/STM32F2xx_HAL_Driver/Inc/Legacy -ID:/050_STM32/Repository/STM32Cube_FW_F2_V1.9.3/Drivers/CMSIS/Device/ST/STM32F2xx/Include -ID:/050_STM32/Repository/STM32Cube_FW_F2_V1.9.3/Drivers/CMSIS/Include -O0 -ffunction-sections -fdata-sections -Wall -fstack-usage -fcyclomatic-complexity -MMD -MP -MF"Core/Src/gpio.d" -MT"Core/Src/gpio.o" --specs=nano.specs -mfloat-abi=soft -mthumb -o "Core/Src/gpio.o"
arm-none-eabi-gcc "../Core/Src/main.c" -mcpu=cortex-m3 -std=gnu11 -g3 -DDEBUG -DUSE_HAL_DRIVER -DSTM32F207xx -c -I../Core/Inc -ID:/050_STM32/Repository/STM32Cube_FW_F2_V1.9.3/Drivers/STM32F2xx_HAL_Driver/Inc -ID:/050_STM32/Repository/STM32Cube_FW_F2_V1.9.3/Drivers/STM32F2xx_HAL_Driver/Inc/Legacy -ID:/050_STM32/Repository/STM32Cube_FW_F2_V1.9.3/Drivers/CMSIS/Device/ST/STM32F2xx/Include -ID:/050_STM32/Repository/STM32Cube_FW_F2_V1.9.3/Drivers/CMSIS/Include -O0 -ffunction-sections -fdata-sections -Wall -fstack-usage -fcyclomatic-complexity -MMD -MP -MF"Core/Src/main.d" -MT"Core/Src/main.o" --specs=nano.specs -mfloat-abi=soft -mthumb -o "Core/Src/main.o"
arm-none-eabi-gcc "../Core/Src/stm32f2xx_hal_msp.c" -mcpu=cortex-m3 -std=gnu11 -g3 -DDEBUG -DUSE_HAL_DRIVER -DSTM32F207xx -c -I../Core/Inc -ID:/050_STM32/Repository/STM32Cube_FW_F2_V1.9.3/Drivers/STM32F2xx_HAL_Driver/Inc -ID:/050_STM32/Repository/STM32Cube_FW_F2_V1.9.3/Drivers/STM32F2xx_HAL_Driver/Inc/Legacy -ID:/050_STM32/Repository/STM32Cube_FW_F2_V1.9.3/Drivers/CMSIS/Device/ST/STM32F2xx/Include -ID:/050_STM32/Repository/STM32Cube_FW_F2_V1.9.3/Drivers/CMSIS/Include -O0 -ffunction-sections -fdata-sections -Wall -fstack-usage -fcyclomatic-complexity -MMD -MP -MF"Core/Src/stm32f2xx_hal_msp.d" -MT"Core/Src/stm32f2xx_hal_msp.o" --specs=nano.specs -mfloat-abi=soft -mthumb -o "Core/Src/stm32f2xx_hal_msp.o"
arm-none-eabi-gcc "../Core/Src/stm32f2xx_it.c" -mcpu=cortex-m3 -std=gnu11 -g3 -DDEBUG -DUSE_HAL_DRIVER -DSTM32F207xx -c -I../Core/Inc -ID:/050_STM32/Repository/STM32Cube_FW_F2_V1.9.3/Drivers/STM32F2xx_HAL_Driver/Inc -ID:/050_STM32/Repository/STM32Cube_FW_F2_V1.9.3/Drivers/STM32F2xx_HAL_Driver/Inc/Legacy -ID:/050_STM32/Repository/STM32Cube_FW_F2_V1.9.3/Drivers/CMSIS/Device/ST/STM32F2xx/Include -ID:/050_STM32/Repository/STM32Cube_FW_F2_V1.9.3/Drivers/CMSIS/Include -O0 -ffunction-sections -fdata-sections -Wall -fstack-usage -fcyclomatic-complexity -MMD -MP -MF"Core/Src/stm32f2xx_it.d" -MT"Core/Src/stm32f2xx_it.o" --specs=nano.specs -mfloat-abi=soft -mthumb -o "Core/Src/stm32f2xx_it.o"
arm-none-eabi-gcc "../Core/Src/syscalls.c" -mcpu=cortex-m3 -std=gnu11 -g3 -DDEBUG -DUSE_HAL_DRIVER -DSTM32F207xx -c -I../Core/Inc -ID:/050_STM32/Repository/STM32Cube_FW_F2_V1.9.3/Drivers/STM32F2xx_HAL_Driver/Inc -ID:/050_STM32/Repository/STM32Cube_FW_F2_V1.9.3/Drivers/STM32F2xx_HAL_Driver/Inc/Legacy -ID:/050_STM32/Repository/STM32Cube_FW_F2_V1.9.3/Drivers/CMSIS/Device/ST/STM32F2xx/Include -ID:/050_STM32/Repository/STM32Cube_FW_F2_V1.9.3/Drivers/CMSIS/Include -O0 -ffunction-sections -fdata-sections -Wall -fstack-usage -fcyclomatic-complexity -MMD -MP -MF"Core/Src/syscalls.d" -MT"Core/Src/syscalls.o" --specs=nano.specs -mfloat-abi=soft -mthumb -o "Core/Src/syscalls.o"
arm-none-eabi-gcc "../Core/Src/sysmem.c" -mcpu=cortex-m3 -std=gnu11 -g3 -DDEBUG -DUSE_HAL_DRIVER -DSTM32F207xx -c -I../Core/Inc -ID:/050_STM32/Repository/STM32Cube_FW_F2_V1.9.3/Drivers/STM32F2xx_HAL_Driver/Inc -ID:/050_STM32/Repository/STM32Cube_FW_F2_V1.9.3/Drivers/STM32F2xx_HAL_Driver/Inc/Legacy -ID:/050_STM32/Repository/STM32Cube_FW_F2_V1.9.3/Drivers/CMSIS/Device/ST/STM32F2xx/Include -ID:/050_STM32/Repository/STM32Cube_FW_F2_V1.9.3/Drivers/CMSIS/Include -O0 -ffunction-sections -fdata-sections -Wall -fstack-usage -fcyclomatic-complexity -MMD -MP -MF"Core/Src/sysmem.d" -MT"Core/Src/sysmem.o" --specs=nano.specs -mfloat-abi=soft -mthumb -o "Core/Src/sysmem.o"
arm-none-eabi-gcc "../Core/Src/system_stm32f2xx.c" -mcpu=cortex-m3 -std=gnu11 -g3 -DDEBUG -DUSE_HAL_DRIVER -DSTM32F207xx -c -I../Core/Inc -ID:/050_STM32/Repository/STM32Cube_FW_F2_V1.9.3/Drivers/STM32F2xx_HAL_Driver/Inc -ID:/050_STM32/Repository/STM32Cube_FW_F2_V1.9.3/Drivers/STM32F2xx_HAL_Driver/Inc/Legacy -ID:/050_STM32/Repository/STM32Cube_FW_F2_V1.9.3/Drivers/CMSIS/Device/ST/STM32F2xx/Include -ID:/050_STM32/Repository/STM32Cube_FW_F2_V1.9.3/Drivers/CMSIS/Include -O0 -ffunction-sections -fdata-sections -Wall -fstack-usage -fcyclomatic-complexity -MMD -MP -MF"Core/Src/system_stm32f2xx.d" -MT"Core/Src/system_stm32f2xx.o" --specs=nano.specs -mfloat-abi=soft -mthumb -o "Core/Src/system_stm32f2xx.o"
arm-none-eabi-gcc -o "nucleoF207.elf" @"objects.list"   -mcpu=cortex-m3 -T"D:\__GitHub\STM32CubeIDE-templates\templates-workspace\nucleoF207\STM32F207ZGTX_FLASH.ld" --specs=nosys.specs -Wl,-Map="nucleoF207.map" -Wl,--gc-sections -static --specs=nano.specs -mfloat-abi=soft -mthumb -Wl,--start-group -lc -lm -Wl,--end-group
Finished building target: nucleoF207.elf
 
arm-none-eabi-size   nucleoF207.elf 
arm-none-eabi-objdump -h -S  nucleoF207.elf  > "nucleoF207.list"
   text	   data	    bss	    dec	    hex	filename
   4812	     20	   1572	   6404	   1904	nucleoF207.elf
Finished building: default.size.stdout
 
Finished building: nucleoF207.list
 

19:56:07 Build Finished. 0 errors, 0 warnings. (took 1s.114ms)

